2026-08-11 19:23:40,607 [ERROR] Файл streets_data.csv не найден!
2026-08-11 19:23:40,610 [INFO] Создан демонстрационный файл данных: streets_data.csv
2026-08-11 19:23:40,612 [WARNING] Файл справочника streets_reference.csv не найден. Автоматически формируем базу эталонов из часто встречающихся названий...
2026-08-11 19:23:40,615 [INFO] Размер эталонной базы задействованных улиц: 0
2026-08-11 19:23:40,615 [INFO] Старт обработки наименований...
2026-08-11 19:23:40,625 [INFO] Всего строк обработано: 14
2026-08-11 19:23:40,626 [INFO] Внесено изменений в наименования: 10
2026-08-11 19:23:40,626 [INFO] Выявлено подозрительных совпадений: 0
2026-08-11 19:23:40,627 [INFO] 📋 Полный лог всех изменений сохранен в: changes_applied.csv
2026-08-11 19:23:40,627 [INFO] ℹ️  Скрипт завершен в режиме DRY_RUN (тестовый запуск). Файл данных не перезаписан.
2026-08-11 19:23:40,627 [INFO]     Чтобы сохранить результат, установите DRY_RUN = False в Config и запустите повторно.
2026-08-11 19:28:23,076 [INFO] Загрузка файла streets_data.csv...
2026-08-11 19:28:23,079 [INFO] Старт нормализации названий...
2026-08-11 19:28:23,097 [INFO] Всего строк обработано: 14
2026-08-11 19:28:23,097 [INFO] Всего изменено/приведено к стандарту: 11
2026-08-11 19:28:23,098 [INFO] 📋 Лог изменений сохранен в: changes_applied.csv
2026-08-11 19:28:23,098 [INFO] ℹ️  Запуск завершен в режиме DRY_RUN. Файл не перезаписан.
2026-08-11 19:28:23,099 [INFO]     Для сохранения результата установите DRY_RUN = False в Config.
2026-08-11 19:29:49,573 [INFO] Подключено к БД: mig_database.db
2026-08-11 19:29:49,573 [INFO] Выбрана таблица: 'USysAtributs', колонка: 'Адрес'
2026-08-11 19:29:49,575 [INFO] Загружено записей из базы данных: 1
2026-08-11 19:29:49,578 [INFO] Старт обработки и очистки улиц...
2026-08-11 19:29:49,592 [INFO] Всего строк в БД обработано: 1
2026-08-11 19:29:49,592 [INFO] Всего изменено/нормализовано улиц: 0
2026-08-11 19:29:49,592 [INFO] ℹ️  Запуск завершен в режиме DRY_RUN. Изменения в БД НЕ внесены.
2026-08-11 19:29:49,592 [INFO]     Для записи в БД установите DRY_RUN = False в Config.
2026-08-11 19:31:52,862 [INFO] Подключено к БД: /Users/kreonike/PycharmProjects/mig_nn/mig_database.db
2026-08-11 19:31:52,862 [INFO] Выбрана таблица: 'Клиенты', колонка: 'Улица'
2026-08-11 19:31:53,263 [INFO] Загружено записей из базы данных: 125360
2026-08-11 19:31:53,299 [INFO] Старт обработки и очистки улиц...
2026-08-11 19:31:58,721 [INFO] Всего строк в БД обработано: 125360
2026-08-11 19:31:58,722 [INFO] Всего изменено/нормализовано улиц: 13866
2026-08-11 19:31:58,726 [WARNING] ⚠️  Спорные кандидаты выгружены в: review_suspects.csv
2026-08-11 19:31:58,744 [INFO] 📋 Полный лог изменений сохранен в: changes_applied.csv
2026-08-11 19:31:58,744 [INFO] ℹ️  Запуск завершен в режиме DRY_RUN. Изменения в БД НЕ внесены.
2026-08-11 19:31:58,744 [INFO]     Для записи в БД установите DRY_RUN = False в Config.
2026-08-11 19:33:18,184 [INFO] Подключено к БД: /Users/kreonike/PycharmProjects/mig_nn/mig_database.db
2026-08-11 19:33:18,184 [INFO] Выбрана таблица: 'Клиенты', колонка: 'Улица'
2026-08-11 19:33:18,544 [INFO] Загружено записей из базы данных: 125360
2026-08-11 19:33:18,578 [INFO] Старт обработки и очистки улиц...
2026-08-11 19:33:23,921 [INFO] Всего строк в БД обработано: 125360
2026-08-11 19:33:23,921 [INFO] Всего изменено/нормализовано улиц: 13866
2026-08-11 19:33:23,926 [WARNING] ⚠️  Спорные кандидаты выгружены в: review_suspects.csv
2026-08-11 19:33:23,943 [INFO] 📋 Полный лог изменений сохранен в: changes_applied.csv
2026-08-11 19:33:23,943 [INFO] ℹ️  Запуск завершен в режиме DRY_RUN. Изменения в БД НЕ внесены.
2026-08-11 19:33:23,943 [INFO]     Для записи в БД установите DRY_RUN = False в Config.
2026-08-11 19:34:23,966 [INFO] Подключено к БД: /Users/kreonike/PycharmProjects/mig_nn/mig_database.db
2026-08-11 19:34:23,966 [INFO] Выбрана таблица: 'Клиенты', колонка: 'Улица'
2026-08-11 19:34:24,052 [INFO] Загружено записей из базы данных: 125360
2026-08-11 19:34:24,052 [INFO] Старт обработки и очистки улиц...
2026-08-11 19:34:25,743 [INFO] Всего строк в БД обработано: 125360
2026-08-11 19:34:25,743 [INFO] Всего изменено/нормализовано улиц: 120305
2026-08-11 19:34:25,853 [INFO] 📋 Полный лог изменений сохранен в: changes_applied.csv
2026-08-11 19:34:25,853 [INFO] ℹ️  Запуск завершен в режиме DRY_RUN. Изменения в БД НЕ внесены.
2026-08-11 19:34:25,853 [INFO]     Для записи в БД установите DRY_RUN = False в Config.
2026-08-11 19:37:46,676 [INFO] Подключено к БД: /Users/kreonike/PycharmProjects/mig_nn/mig_database.db
2026-08-11 19:37:46,676 [INFO] Выбрана таблица: 'Клиенты', колонка: 'Улица'
2026-08-11 19:37:46,738 [INFO] Загружено записей клиентов: 125360
2026-08-11 19:37:46,738 [INFO] Сборка справочника уникальных улиц из базы данных...
2026-08-11 19:37:46,784 [INFO] Сформирован справочник: 6172 уникальных улиц!
2026-08-11 19:37:46,787 [INFO] Выгруженный справочник сохранен в файл: extracted_reference_streets.csv
2026-08-11 19:37:46,803 [INFO] Старт нормализации и очистки улиц...
2026-08-11 19:38:09,254 [INFO] Всего строк в БД обработано: 125360
2026-08-11 19:38:09,255 [INFO] Всего изменено/нормализовано улиц: 120297
2026-08-11 19:38:09,364 [INFO] 📋 Полный лог изменений сохранен в: changes_applied.csv
2026-08-11 19:38:09,365 [INFO] ℹ️  Запуск завершен в режиме DRY_RUN. Изменения в БД НЕ внесены.
2026-08-11 19:38:09,365 [INFO]     Для записи в БД установите DRY_RUN = False в Config.
2026-08-11 19:39:54,675 [INFO] Подключено к БД: /Users/kreonike/PycharmProjects/mig_nn/mig_database.db
2026-08-11 19:39:54,676 [INFO] Выбрана таблица: 'Клиенты', колонка: 'Улица'
2026-08-11 19:39:54,752 [INFO] Загружено записей клиентов: 125360
2026-08-11 19:39:54,753 [INFO] Сборка справочника уникальных улиц из базы данных...
2026-08-11 19:39:54,797 [INFO] Сформирован справочник: 6172 уникальных улиц!
2026-08-11 19:39:54,815 [INFO] Старт нормализации и очистки улиц...
2026-08-11 19:40:17,599 [INFO] Всего строк в БД обработано: 125360
2026-08-11 19:40:17,599 [INFO] Всего изменено/нормализовано улиц: 120297
2026-08-11 19:40:17,710 [INFO] 📋 Полная таблица изменений сохранена в CSV: changes_applied.csv
2026-08-11 19:40:17,710 [INFO] Формирование текстового отчета со ВСЕМИ заменами в all_changes_summary.txt...
2026-08-11 19:40:17,734 [INFO] ✅ ВСЕ 120297 замен выгружены в файл: all_changes_summary.txt
2026-08-11 19:40:17,734 [INFO] ℹ️  Запуск завершен в режиме DRY_RUN. Изменения в БД НЕ внесены.
2026-08-11 19:40:17,734 [INFO]     Для записи в БД установите DRY_RUN = False в Config.
2026-08-11 19:43:26,320 [INFO] Подключено к БД: /Users/kreonike/PycharmProjects/mig_nn/mig_database.db
2026-08-11 19:43:26,321 [INFO] Выбрана таблица: 'Клиенты', колонка: 'Улица'
2026-08-11 19:43:26,399 [INFO] Загружено записей клиентов: 125360
2026-08-11 19:43:26,401 [INFO] Старт нормализации и исправления опечаток...
2026-08-11 19:43:28,352 [INFO] Всего строк в БД обработано: 125360
2026-08-11 19:43:28,353 [INFO] Всего изменено/нормализовано улиц: 120368
2026-08-11 19:43:28,353 [INFO] Из них исправлено явных опечаток: 272
2026-08-11 19:43:28,514 [INFO] ✅ Отчет о заменах сохранен в: all_changes_summary.txt
2026-08-11 19:43:28,514 [INFO] ℹ️  Запуск завершен в режиме DRY_RUN. Изменения в БД НЕ внесены.
2026-08-11 19:43:28,514 [INFO]     Для записи в БД установите DRY_RUN = False в Config.
2026-08-11 19:44:09,206 [INFO] Подключено к БД: /Users/kreonike/PycharmProjects/mig_nn/mig_database.db
2026-08-11 19:44:09,207 [INFO] Выбрана таблица: 'Клиенты', колонка: 'Улица'
2026-08-11 19:44:09,318 [INFO] Загружено записей клиентов: 125360
2026-08-11 19:44:09,320 [INFO] Старт нормализации и исправления опечаток...
2026-08-11 19:44:11,673 [INFO] Всего строк в БД обработано: 125360
2026-08-11 19:44:11,674 [INFO] Всего изменено/нормализовано улиц: 120368
2026-08-11 19:44:11,674 [INFO] Из них исправлено явных опечаток: 272
2026-08-11 19:44:11,863 [INFO] ✅ Отчет о заменах сохранен в: all_changes_summary.txt
2026-08-11 19:44:11,863 [INFO] ℹ️  Запуск завершен в режиме DRY_RUN. Изменения в БД НЕ внесены.
2026-08-11 19:44:11,863 [INFO]     Для записи в БД установите DRY_RUN = False в Config.
2026-08-11 19:48:15,379 [INFO] Подключено к БД: /Users/kreonike/PycharmProjects/mig_nn/mig_database.db
2026-08-11 19:48:15,379 [INFO] Выбрана таблица: 'Клиенты', колонка: 'Улица'
2026-08-11 19:48:15,464 [INFO] Загружено записей клиентов: 125360
2026-08-11 19:48:15,467 [INFO] Старт нормализации и исправления опечаток...
2026-08-11 19:48:17,710 [INFO] Всего строк в БД обработано: 125360
2026-08-11 19:48:17,710 [INFO] Всего изменено/нормализовано улиц: 120369
2026-08-11 19:48:17,710 [INFO] Из них исправлено явных опечаток: 357
2026-08-11 19:48:17,914 [INFO] ✅ Отчет о заменах сохранен в: all_changes_summary.txt
2026-08-11 19:48:17,914 [INFO] ℹ️  Запуск завершен в режиме DRY_RUN. Изменения в БД НЕ внесены.
2026-08-11 19:48:17,914 [INFO]     Для записи в БД установите DRY_RUN = False в Config.
